<?xml version="1.0" encoding="utf-8"?>
<testsuites>
	<testsuite name="Stack — E2E" time="0.136884" disabled="0" errors="0" tests="2" failures="0" skipped="0" hostname="Loai">
		<testcase name="GET / sert le shell Vite (index.html)" time="0.008543" classname="test"/>
		<testcase name="GET /users via API configurée renvoie un tableau" time="0.008272" classname="test"/>
	</testsuite>
	<testsuite name="API — intégration" time="0.218487" disabled="0" errors="0" tests="2" failures="0" skipped="0" hostname="Loai">
		<testcase name="GET /users renvoie un tableau" time="0.033999" classname="test"/>
		<testcase name="cycle CRUD sur /users" time="0.061238" classname="test"/>
	</testsuite>
	<testsuite name="createApp — routes critiques" time="0.088699" disabled="0" errors="0" tests="1" failures="0" skipped="0" hostname="Loai">
		<testcase name="GET / retourne le contrat santé API" time="0.086823" classname="test"/>
	</testsuite>
	<testsuite name="connectionString" time="0.005787" disabled="0" errors="0" tests="3" failures="0" skipped="0" hostname="Loai">
		<testcase name="retourne undefined sans DATABASE_URL" time="0.001841" classname="test"/>
		<testcase name="retire serverVersion et charset de l’URL" time="0.000901" classname="test"/>
		<testcase name="retourne la chaîne brute si DATABASE_URL ne peut pas être parsée comme URL" time="0.000409" classname="test"/>
	</testsuite>
	<!-- tests 8 -->
	<!-- suites 4 -->
	<!-- pass 8 -->
	<!-- fail 0 -->
	<!-- cancelled 0 -->
	<!-- skipped 0 -->
	<!-- todo 0 -->
	<!-- duration_ms 395.035099 -->
</testsuites>
